D:\07 Hobby\FlashcardAI\test-results\paid-access-hardening\backend\tests\Mavrylo.Tests.csproj : warning NU1903: Package 'SQLitePCLRaw.lib.e_sqlite3' 2.1.11 has a known high severity vulnerability, https://github.com/advisories/GHSA-2m69-gcr7-jv3q
D:\07 Hobby\FlashcardAI\test-results\paid-access-hardening\backend\tests\Mavrylo.Tests.csproj : warning NU1903: Package 'SSH.NET' 2025.1.0 has a known high severity vulnerability, https://github.com/advisories/GHSA-mggc-4xg6-vcxf
D:\07 Hobby\FlashcardAI\test-results\paid-access-hardening\backend\tests\Mavrylo.Tests.csproj : warning NU1903: Package 'SSH.NET' 2025.1.0 has a known high severity vulnerability, https://github.com/advisories/GHSA-q939-rpr3-3284
D:\07 Hobby\FlashcardAI\test-results\paid-access-hardening\backend\src\Mavrylo.Services\Mavrylo.Services.csproj : warning NU1510: PackageReference System.Formats.Cbor will not be pruned. This package is automatically available and does not need to be referenced explicitly. Remove the PackageReference item.
  Mavrylo.Entities -> D:\07 Hobby\FlashcardAI\test-results\paid-access-hardening\backend\src\Mavrylo.Entities\bin\Release\net10.0\Mavrylo.Entities.dll
  Mavrylo.Data -> D:\07 Hobby\FlashcardAI\test-results\paid-access-hardening\backend\src\Mavrylo.Data\bin\Release\net10.0\Mavrylo.Data.dll
  Mavrylo.Services -> D:\07 Hobby\FlashcardAI\test-results\paid-access-hardening\backend\src\Mavrylo.Services\bin\Release\net10.0\Mavrylo.Services.dll
  Mavrylo -> D:\07 Hobby\FlashcardAI\test-results\paid-access-hardening\backend\bin\Release\net10.0\Mavrylo.dll
  Mavrylo.Tests -> D:\07 Hobby\FlashcardAI\test-results\paid-access-hardening\backend\tests\bin\Release\net10.0\Mavrylo.Tests.dll
Test run for D:\07 Hobby\FlashcardAI\test-results\paid-access-hardening\backend\tests\bin\Release\net10.0\Mavrylo.Tests.dll (.NETCoreApp,Version=v10.0)
A total of 1 test files matched the specified pattern.
[xUnit.net 00:00:00.00] xUnit.net VSTest Adapter v3.1.5+1b188a7b0a (64-bit .NET 10.0.12)
[xUnit.net 00:00:00.73]   Discovering: Mavrylo.Tests
[xUnit.net 00:00:00.84]   Discovered:  Mavrylo.Tests
[xUnit.net 00:00:00.87]   Starting:    Mavrylo.Tests
  Passed Mavrylo.Tests.AiSpendGuardTests.GeminiZeroDefaultsDoNotForgiveUnknownOrInvalidUsage(fault: "inconsistent_total") [2 s]
  Passed Mavrylo.Tests.AiSpendGuardTests.GeminiZeroDefaultsDoNotForgiveUnknownOrInvalidUsage(fault: "malformed_cache") [99 ms]
  Passed Mavrylo.Tests.AiSpendGuardTests.GeminiZeroDefaultsDoNotForgiveUnknownOrInvalidUsage(fault: "negative_thoughts") [46 ms]
  Passed Mavrylo.Tests.AiSpendGuardTests.GeminiZeroDefaultsDoNotForgiveUnknownOrInvalidUsage(fault: "unknown_tier") [38 ms]
  Passed Mavrylo.Tests.AiSpendGuardTests.GeminiZeroDefaultsDoNotForgiveUnknownOrInvalidUsage(fault: "missing_usage") [37 ms]
  Passed Mavrylo.Tests.AiSpendGuardTests.GeminiZeroDefaultsDoNotForgiveUnknownOrInvalidUsage(fault: "overflow_output") [45 ms]
  Passed Mavrylo.Tests.AiSpendGuardTests.GeminiZeroDefaultsDoNotForgiveUnknownOrInvalidUsage(fault: "missing_candidates") [84 ms]
  Passed Mavrylo.Tests.AiSpendGuardTests.GeminiZeroDefaultsDoNotForgiveUnknownOrInvalidUsage(fault: "oversized_output") [86 ms]
  Passed Mavrylo.Tests.AiSpendGuardTests.GeminiZeroDefaultsDoNotForgiveUnknownOrInvalidUsage(fault: "negative_cache") [78 ms]
  Passed Mavrylo.Tests.AiSpendGuardTests.GeminiZeroDefaultsDoNotForgiveUnknownOrInvalidUsage(fault: "missing_tier") [52 ms]
[xUnit.net 00:00:05.02]     Mavrylo.Tests.AiSpendGuardTests.GeminiProtocolZeroComponentsSettleRepeatedSuccessesAndReleaseSlots(explicitZeros: False) [FAIL]
[xUnit.net 00:00:05.02]       Assert.All() Failure: 1 out of 1 items in the collection did not pass.
[xUnit.net 00:00:05.02]       [0]: Item:  AiSpendReservationEntity { CachedTokens = null, CacheRate = 54, CacheWriteRate = 540, CacheWriteTokens = null, ChargedMicroUsd = 568536, ··· }
[xUnit.net 00:00:05.02]            Error: Assert.NotNull() Failure: Value of type 'Nullable<DateTime>' does not have a value
[xUnit.net 00:00:05.02]       Stack Trace:
[xUnit.net 00:00:05.02]         D:\07 Hobby\FlashcardAI\test-results\paid-access-hardening\backend\tests\AiSpendGuardTests.cs(37,0): at Mavrylo.Tests.AiSpendGuardTests.GeminiProtocolZeroComponentsSettleRepeatedSuccessesAndReleaseSlots(Boolean explicitZeros)
[xUnit.net 00:00:05.02]         D:\07 Hobby\FlashcardAI\test-results\paid-access-hardening\backend\tests\AiSpendGuardTests.cs(41,0): at Mavrylo.Tests.AiSpendGuardTests.GeminiProtocolZeroComponentsSettleRepeatedSuccessesAndReleaseSlots(Boolean explicitZeros)
[xUnit.net 00:00:05.02]         --- End of stack trace from previous location ---
[xUnit.net 00:00:05.31]   Finished:    Mavrylo.Tests
  Passed Mavrylo.Tests.AiSpendGuardTests.GeminiZeroDefaultsDoNotForgiveUnknownOrInvalidUsage(fault: "missing_model") [34 ms]
  Passed Mavrylo.Tests.AiSpendGuardTests.GeminiZeroDefaultsDoNotForgiveUnknownOrInvalidUsage(fault: "unknown_model") [33 ms]
  Passed Mavrylo.Tests.AiSpendGuardTests.GeminiZeroDefaultsDoNotForgiveUnknownOrInvalidUsage(fault: "malformed_thoughts") [34 ms]
  Passed Mavrylo.Tests.AiSpendGuardTests.GeminiZeroDefaultsDoNotForgiveUnknownOrInvalidUsage(fault: "missing_prompt") [74 ms]
  Passed Mavrylo.Tests.AiSpendGuardTests.GeminiZeroDefaultsDoNotForgiveUnknownOrInvalidUsage(fault: "missing_total") [70 ms]
  Failed Mavrylo.Tests.AiSpendGuardTests.GeminiProtocolZeroComponentsSettleRepeatedSuccessesAndReleaseSlots(explicitZeros: False) [94 ms]
  Error Message:
   Assert.All() Failure: 1 out of 1 items in the collection did not pass.
[0]: Item:  AiSpendReservationEntity { CachedTokens = null, CacheRate = 54, CacheWriteRate = 540, CacheWriteTokens = null, ChargedMicroUsd = 568536, ··· }
     Error: Assert.NotNull() Failure: Value of type 'Nullable<DateTime>' does not have a value
  Stack Trace:
     at Mavrylo.Tests.AiSpendGuardTests.GeminiProtocolZeroComponentsSettleRepeatedSuccessesAndReleaseSlots(Boolean explicitZeros) in D:\07 Hobby\FlashcardAI\test-results\paid-access-hardening\backend\tests\AiSpendGuardTests.cs:line 37
   at Mavrylo.Tests.AiSpendGuardTests.GeminiProtocolZeroComponentsSettleRepeatedSuccessesAndReleaseSlots(Boolean explicitZeros) in D:\07 Hobby\FlashcardAI\test-results\paid-access-hardening\backend\tests\AiSpendGuardTests.cs:line 41
--- End of stack trace from previous location ---
  Passed Mavrylo.Tests.AiSpendGuardTests.GeminiProtocolZeroComponentsSettleRepeatedSuccessesAndReleaseSlots(explicitZeros: True) [119 ms]

Test Run Failed.
Total tests: 17
     Passed: 16
     Failed: 1
 Total time: 5.7670 Seconds
