D:\07 Hobby\FlashcardAI\test-results\paid-access-hardening\backend\tests\Mavrylo.Tests.csproj : warning NU1903: Package 'SQLitePCLRaw.lib.e_sqlite3' 2.1.11 has a known high severity vulnerability, https://github.com/advisories/GHSA-2m69-gcr7-jv3q
D:\07 Hobby\FlashcardAI\test-results\paid-access-hardening\backend\tests\Mavrylo.Tests.csproj : warning NU1903: Package 'SSH.NET' 2025.1.0 has a known high severity vulnerability, https://github.com/advisories/GHSA-mggc-4xg6-vcxf
D:\07 Hobby\FlashcardAI\test-results\paid-access-hardening\backend\tests\Mavrylo.Tests.csproj : warning NU1903: Package 'SSH.NET' 2025.1.0 has a known high severity vulnerability, https://github.com/advisories/GHSA-q939-rpr3-3284
D:\07 Hobby\FlashcardAI\test-results\paid-access-hardening\backend\src\Mavrylo.Services\Mavrylo.Services.csproj : warning NU1510: PackageReference System.Formats.Cbor will not be pruned. This package is automatically available and does not need to be referenced explicitly. Remove the PackageReference item.
  Mavrylo.Entities -> D:\07 Hobby\FlashcardAI\test-results\paid-access-hardening\backend\src\Mavrylo.Entities\bin\Release\net10.0\Mavrylo.Entities.dll
  Mavrylo.Data -> D:\07 Hobby\FlashcardAI\test-results\paid-access-hardening\backend\src\Mavrylo.Data\bin\Release\net10.0\Mavrylo.Data.dll
  Mavrylo.Services -> D:\07 Hobby\FlashcardAI\test-results\paid-access-hardening\backend\src\Mavrylo.Services\bin\Release\net10.0\Mavrylo.Services.dll
  Mavrylo -> D:\07 Hobby\FlashcardAI\test-results\paid-access-hardening\backend\bin\Release\net10.0\Mavrylo.dll
  Mavrylo.Tests -> D:\07 Hobby\FlashcardAI\test-results\paid-access-hardening\backend\tests\bin\Release\net10.0\Mavrylo.Tests.dll
Test run for D:\07 Hobby\FlashcardAI\test-results\paid-access-hardening\backend\tests\bin\Release\net10.0\Mavrylo.Tests.dll (.NETCoreApp,Version=v10.0)
A total of 1 test files matched the specified pattern.
[xUnit.net 00:00:00.00] xUnit.net VSTest Adapter v3.1.5+1b188a7b0a (64-bit .NET 10.0.12)
[xUnit.net 00:00:00.14]   Discovering: Mavrylo.Tests
[xUnit.net 00:00:00.27]   Discovered:  Mavrylo.Tests
[xUnit.net 00:00:00.31]   Starting:    Mavrylo.Tests
  Passed Mavrylo.Tests.SubscriptionInventorySqlTests.MissingOrInvalidTrustedSettingsFailClosed(environment: "", products: "product.one") [220 ms]
  Passed Mavrylo.Tests.TestModeHostBoundaryTests.NonDevelopmentTrueFailsSpecificallyBeforeMigration(host: "Staging") [250 ms]
  Passed Mavrylo.Tests.TestModeHostBoundaryTests.NonDevelopmentTrueFailsSpecificallyBeforeMigration(host: "Production") [4 ms]
  Passed Mavrylo.Tests.SubscriptionInventorySqlTests.MissingOrInvalidTrustedSettingsFailClosed(environment: "LocalTesting", products: "product.one") [29 ms]
  Passed Mavrylo.Tests.SubscriptionInventorySqlTests.MissingOrInvalidTrustedSettingsFailClosed(environment: "Production", products: "") [14 ms]
  Passed Mavrylo.Tests.SubscriptionInventorySqlTests.MissingOrInvalidTrustedSettingsFailClosed(environment: "Production ", products: "product.one") [12 ms]
  Passed Mavrylo.Tests.SubscriptionInventorySqlTests.MissingOrInvalidTrustedSettingsFailClosed(environment: "Wrong", products: "product.one") [12 ms]
  Passed Mavrylo.Tests.SubscriptionInventorySqlTests.MissingOrInvalidTrustedSettingsFailClosed(environment: "Production", products: "product.one,") [13 ms]
  Passed Mavrylo.Tests.SubscriptionInventorySqlTests.MissingOrInvalidTrustedSettingsFailClosed(environment: null, products: null) [14 ms]
  Passed Mavrylo.Tests.SubscriptionInventorySqlTests.EmptyTableStillValidatesSettingsAndReportsZero [46 ms]
  Passed Mavrylo.Tests.SubscriptionInventorySqlTests.AggregateIsExactSafeAndRepeatableInReadOnlyTransaction [55 ms]
  Passed Mavrylo.Tests.TestModeHostBoundaryTests.DevelopmentCanEnableAfterStartup [4 s]
[xUnit.net 00:00:11.20]   Finished:    Mavrylo.Tests
  Passed Mavrylo.Tests.TestModeHostBoundaryTests.SignedSandboxFalseRemainsUsableAndReloadCannotEnableTestMode [3 s]

Test Run Successful.
Total tests: 13
     Passed: 13
 Total time: 12.0247 Seconds
