D:\07 Hobby\FlashcardAI\test-results\paid-access-hardening\backend\tests\Mavrylo.Tests.csproj : warning NU1903: Package 'SQLitePCLRaw.lib.e_sqlite3' 2.1.11 has a known high severity vulnerability, https://github.com/advisories/GHSA-2m69-gcr7-jv3q
D:\07 Hobby\FlashcardAI\test-results\paid-access-hardening\backend\tests\Mavrylo.Tests.csproj : warning NU1903: Package 'SSH.NET' 2025.1.0 has a known high severity vulnerability, https://github.com/advisories/GHSA-mggc-4xg6-vcxf
D:\07 Hobby\FlashcardAI\test-results\paid-access-hardening\backend\tests\Mavrylo.Tests.csproj : warning NU1903: Package 'SSH.NET' 2025.1.0 has a known high severity vulnerability, https://github.com/advisories/GHSA-q939-rpr3-3284
D:\07 Hobby\FlashcardAI\test-results\paid-access-hardening\backend\src\Mavrylo.Services\Mavrylo.Services.csproj : warning NU1510: PackageReference System.Formats.Cbor will not be pruned. This package is automatically available and does not need to be referenced explicitly. Remove the PackageReference item.
  Mavrylo.Entities -> D:\07 Hobby\FlashcardAI\test-results\paid-access-hardening\backend\src\Mavrylo.Entities\bin\Debug\net10.0\Mavrylo.Entities.dll
  Mavrylo.Data -> D:\07 Hobby\FlashcardAI\test-results\paid-access-hardening\backend\src\Mavrylo.Data\bin\Debug\net10.0\Mavrylo.Data.dll
D:\07 Hobby\FlashcardAI\test-results\paid-access-hardening\backend\src\Mavrylo.Services\Services\AiSpendGuard.cs(14,60): warning CS9113: Parameter 'db' is unread. [D:\07 Hobby\FlashcardAI\test-results\paid-access-hardening\backend\src\Mavrylo.Services\Mavrylo.Services.csproj]
D:\07 Hobby\FlashcardAI\test-results\paid-access-hardening\backend\src\Mavrylo.Services\Services\AiSpendGuard.cs(14,79): warning CS9113: Parameter 'config' is unread. [D:\07 Hobby\FlashcardAI\test-results\paid-access-hardening\backend\src\Mavrylo.Services\Mavrylo.Services.csproj]
D:\07 Hobby\FlashcardAI\test-results\paid-access-hardening\backend\src\Mavrylo.Services\Services\AiSpendGuard.cs(14,102): warning CS9113: Parameter 'events' is unread. [D:\07 Hobby\FlashcardAI\test-results\paid-access-hardening\backend\src\Mavrylo.Services\Mavrylo.Services.csproj]
  Mavrylo.Services -> D:\07 Hobby\FlashcardAI\test-results\paid-access-hardening\backend\src\Mavrylo.Services\bin\Debug\net10.0\Mavrylo.Services.dll
  Mavrylo -> D:\07 Hobby\FlashcardAI\test-results\paid-access-hardening\backend\bin\Debug\net10.0\Mavrylo.dll
D:\07 Hobby\FlashcardAI\test-results\paid-access-hardening\backend\tests\AiSpendGuardTests.cs(36,9): warning xUnit2031: Do not use a Where clause to filter before calling Assert.Single. Use the overload of Assert.Single that accepts a filtering function. (https://xunit.net/xunit.analyzers/rules/xUnit2031) [D:\07 Hobby\FlashcardAI\test-results\paid-access-hardening\backend\tests\Mavrylo.Tests.csproj]
  Mavrylo.Tests -> D:\07 Hobby\FlashcardAI\test-results\paid-access-hardening\backend\tests\bin\Debug\net10.0\Mavrylo.Tests.dll
Test run for D:\07 Hobby\FlashcardAI\test-results\paid-access-hardening\backend\tests\bin\Debug\net10.0\Mavrylo.Tests.dll (.NETCoreApp,Version=v10.0)
A total of 1 test files matched the specified pattern.
[xUnit.net 00:00:00.01] xUnit.net VSTest Adapter v3.1.5+1b188a7b0a (64-bit .NET 10.0.12)
[xUnit.net 00:00:00.97]   Discovering: Mavrylo.Tests
[xUnit.net 00:00:01.34]   Discovered:  Mavrylo.Tests
[xUnit.net 00:00:01.41]   Starting:    Mavrylo.Tests
[xUnit.net 00:00:09.34]     Mavrylo.Tests.AiSpendGuardTests.ReplicasCannotReserveSixtyTwice_AndRestartRetainsUnknownSpend [FAIL]
[xUnit.net 00:00:09.34]       Assert.Single() Failure: The collection was empty
[xUnit.net 00:00:09.34]       Stack Trace:
[xUnit.net 00:00:09.35]         D:\07 Hobby\FlashcardAI\test-results\paid-access-hardening\backend\tests\AiSpendGuardTests.cs(36,0): at Mavrylo.Tests.AiSpendGuardTests.ReplicasCannotReserveSixtyTwice_AndRestartRetainsUnknownSpend()
[xUnit.net 00:00:09.35]         D:\07 Hobby\FlashcardAI\test-results\paid-access-hardening\backend\tests\AiSpendGuardTests.cs(41,0): at Mavrylo.Tests.AiSpendGuardTests.ReplicasCannotReserveSixtyTwice_AndRestartRetainsUnknownSpend()
[xUnit.net 00:00:09.35]         D:\07 Hobby\FlashcardAI\test-results\paid-access-hardening\backend\tests\AiSpendGuardTests.cs(41,0): at Mavrylo.Tests.AiSpendGuardTests.ReplicasCannotReserveSixtyTwice_AndRestartRetainsUnknownSpend()
[xUnit.net 00:00:09.35]         --- End of stack trace from previous location ---
  Failed Mavrylo.Tests.AiSpendGuardTests.ReplicasCannotReserveSixtyTwice_AndRestartRetainsUnknownSpend [5 s]
  Error Message:
   Assert.Single() Failure: The collection was empty
  Stack Trace:
     at Mavrylo.Tests.AiSpendGuardTests.ReplicasCannotReserveSixtyTwice_AndRestartRetainsUnknownSpend() in D:\07 Hobby\FlashcardAI\test-results\paid-access-hardening\backend\tests\AiSpendGuardTests.cs:line 36
   at Mavrylo.Tests.AiSpendGuardTests.ReplicasCannotReserveSixtyTwice_AndRestartRetainsUnknownSpend() in D:\07 Hobby\FlashcardAI\test-results\paid-access-hardening\backend\tests\AiSpendGuardTests.cs:line 41
   at Mavrylo.Tests.AiSpendGuardTests.ReplicasCannotReserveSixtyTwice_AndRestartRetainsUnknownSpend() in D:\07 Hobby\FlashcardAI\test-results\paid-access-hardening\backend\tests\AiSpendGuardTests.cs:line 41
--- End of stack trace from previous location ---
[xUnit.net 00:00:09.89]   Finished:    Mavrylo.Tests

Test Run Failed.
Total tests: 1
     Failed: 1
 Total time: 11.4564 Seconds
