D:\07 Hobby\FlashcardAI\test-results\paid-access-hardening\backend\tests\Mavrylo.Tests.csproj : warning NU1903: Package 'SQLitePCLRaw.lib.e_sqlite3' 2.1.11 has a known high severity vulnerability, https://github.com/advisories/GHSA-2m69-gcr7-jv3q
D:\07 Hobby\FlashcardAI\test-results\paid-access-hardening\backend\tests\Mavrylo.Tests.csproj : warning NU1903: Package 'SSH.NET' 2025.1.0 has a known high severity vulnerability, https://github.com/advisories/GHSA-mggc-4xg6-vcxf
D:\07 Hobby\FlashcardAI\test-results\paid-access-hardening\backend\tests\Mavrylo.Tests.csproj : warning NU1903: Package 'SSH.NET' 2025.1.0 has a known high severity vulnerability, https://github.com/advisories/GHSA-q939-rpr3-3284
D:\07 Hobby\FlashcardAI\test-results\paid-access-hardening\backend\src\Mavrylo.Services\Mavrylo.Services.csproj : warning NU1510: PackageReference System.Formats.Cbor will not be pruned. This package is automatically available and does not need to be referenced explicitly. Remove the PackageReference item.
  Mavrylo.Entities -> D:\07 Hobby\FlashcardAI\test-results\paid-access-hardening\backend\src\Mavrylo.Entities\bin\Release\net10.0\Mavrylo.Entities.dll
  Mavrylo.Data -> D:\07 Hobby\FlashcardAI\test-results\paid-access-hardening\backend\src\Mavrylo.Data\bin\Release\net10.0\Mavrylo.Data.dll
  Mavrylo.Services -> D:\07 Hobby\FlashcardAI\test-results\paid-access-hardening\backend\src\Mavrylo.Services\bin\Release\net10.0\Mavrylo.Services.dll
  Mavrylo -> D:\07 Hobby\FlashcardAI\test-results\paid-access-hardening\backend\bin\Release\net10.0\Mavrylo.dll
  Mavrylo.Tests -> D:\07 Hobby\FlashcardAI\test-results\paid-access-hardening\backend\tests\bin\Release\net10.0\Mavrylo.Tests.dll
Test run for D:\07 Hobby\FlashcardAI\test-results\paid-access-hardening\backend\tests\bin\Release\net10.0\Mavrylo.Tests.dll (.NETCoreApp,Version=v10.0)
A total of 1 test files matched the specified pattern.
[xUnit.net 00:00:00.00] xUnit.net VSTest Adapter v3.1.5+1b188a7b0a (64-bit .NET 10.0.12)
[xUnit.net 00:00:00.73]   Discovering: Mavrylo.Tests
[xUnit.net 00:00:00.87]   Discovered:  Mavrylo.Tests
[xUnit.net 00:00:00.91]   Starting:    Mavrylo.Tests
[xUnit.net 00:00:02.82]     Mavrylo.Tests.SubscriptionInventorySqlTests.AggregateIsExactSafeAndRepeatableInReadOnlyTransaction [FAIL]
[xUnit.net 00:00:02.82]       Assert.Contains() Failure: Sub-string not found
[xUnit.net 00:00:02.82]       String:    "[{},{},{},{},{}]"
[xUnit.net 00:00:02.83]       Not found: ""Bucket":"TOTAL""
[xUnit.net 00:00:02.83]       Stack Trace:
[xUnit.net 00:00:02.83]         D:\07 Hobby\FlashcardAI\test-results\paid-access-hardening\backend\tests\SubscriptionInventorySqlTests.cs(25,0): at Mavrylo.Tests.SubscriptionInventorySqlTests.AggregateIsExactSafeAndRepeatableInReadOnlyTransaction()
[xUnit.net 00:00:02.83]         D:\07 Hobby\FlashcardAI\test-results\paid-access-hardening\backend\tests\SubscriptionInventorySqlTests.cs(50,0): at Mavrylo.Tests.SubscriptionInventorySqlTests.AggregateIsExactSafeAndRepeatableInReadOnlyTransaction()
[xUnit.net 00:00:02.83]         D:\07 Hobby\FlashcardAI\test-results\paid-access-hardening\backend\tests\SubscriptionInventorySqlTests.cs(50,0): at Mavrylo.Tests.SubscriptionInventorySqlTests.AggregateIsExactSafeAndRepeatableInReadOnlyTransaction()
[xUnit.net 00:00:02.83]         --- End of stack trace from previous location ---
[xUnit.net 00:00:03.11]   Finished:    Mavrylo.Tests
  Passed Mavrylo.Tests.SubscriptionInventorySqlTests.MissingOrInvalidTrustedSettingsFailClosed(environment: "", products: "product.one") [187 ms]
  Passed Mavrylo.Tests.SubscriptionInventorySqlTests.MissingOrInvalidTrustedSettingsFailClosed(environment: "LocalTesting", products: "product.one") [30 ms]
  Passed Mavrylo.Tests.SubscriptionInventorySqlTests.MissingOrInvalidTrustedSettingsFailClosed(environment: "Production", products: "") [11 ms]
  Passed Mavrylo.Tests.SubscriptionInventorySqlTests.MissingOrInvalidTrustedSettingsFailClosed(environment: "Production ", products: "product.one") [11 ms]
  Passed Mavrylo.Tests.SubscriptionInventorySqlTests.MissingOrInvalidTrustedSettingsFailClosed(environment: "Wrong", products: "product.one") [12 ms]
  Passed Mavrylo.Tests.SubscriptionInventorySqlTests.MissingOrInvalidTrustedSettingsFailClosed(environment: "Production", products: "product.one,") [13 ms]
  Passed Mavrylo.Tests.SubscriptionInventorySqlTests.MissingOrInvalidTrustedSettingsFailClosed(environment: null, products: null) [29 ms]
  Passed Mavrylo.Tests.SubscriptionInventorySqlTests.EmptyTableStillValidatesSettingsAndReportsZero [113 ms]
  Failed Mavrylo.Tests.SubscriptionInventorySqlTests.AggregateIsExactSafeAndRepeatableInReadOnlyTransaction [134 ms]
  Error Message:
   Assert.Contains() Failure: Sub-string not found
String:    "[{},{},{},{},{}]"
Not found: ""Bucket":"TOTAL""
  Stack Trace:
     at Mavrylo.Tests.SubscriptionInventorySqlTests.AggregateIsExactSafeAndRepeatableInReadOnlyTransaction() in D:\07 Hobby\FlashcardAI\test-results\paid-access-hardening\backend\tests\SubscriptionInventorySqlTests.cs:line 25
   at Mavrylo.Tests.SubscriptionInventorySqlTests.AggregateIsExactSafeAndRepeatableInReadOnlyTransaction() in D:\07 Hobby\FlashcardAI\test-results\paid-access-hardening\backend\tests\SubscriptionInventorySqlTests.cs:line 50
   at Mavrylo.Tests.SubscriptionInventorySqlTests.AggregateIsExactSafeAndRepeatableInReadOnlyTransaction() in D:\07 Hobby\FlashcardAI\test-results\paid-access-hardening\backend\tests\SubscriptionInventorySqlTests.cs:line 50
--- End of stack trace from previous location ---

Test Run Failed.
Total tests: 9
     Passed: 8
     Failed: 1
 Total time: 3.9404 Seconds
